// Jest Snapshot v1, https://goo.gl/fbAQLP

exports[`SVG should render correctly and match to the Snapshot 1`] = `
<div>
  <svg
    size="large"
    src="/assets/icons/home.svg"
    wrapper="span"
  />
</div>
`;
